[debug] [2026-10-05T08:23:39.244Z] ----------------------------------------------------------------------
[debug] [2026-10-05T08:23:39.252Z] Command:       C:\Program Files\nodejs\node.exe C:\Users\MiikaKontio\AppData\Roaming\npm\node_modules\firebase-tools\lib\bin\firebase.js deploy
[debug] [2026-10-05T08:23:39.253Z] CLI Version:   15.32.1
[debug] [2026-10-05T08:23:39.253Z] Platform:      win32
[debug] [2026-10-05T08:23:39.254Z] Node Version:  v25.9.0
[debug] [2026-10-05T08:23:39.254Z] Detected Agent: unknown
[debug] [2026-10-05T08:23:39.254Z] Time:          Mon Oct 05 2026 11:23:39 GMT+0300 (Itä-Euroopan kesäaika)
[debug] [2026-10-05T08:23:39.254Z] ----------------------------------------------------------------------
[debug] 
[debug] [2026-10-05T08:23:46.675Z] > command requires scopes: ["email","openid","https://www.googleapis.com/auth/cloudplatformprojects.readonly","https://www.googleapis.com/auth/firebase","https://www.googleapis.com/auth/cloud-platform"]
[debug] [2026-10-05T08:23:46.677Z] > authorizing via signed-in user (miikako89@gmail.com)
[debug] [2026-10-05T08:23:46.677Z] [iam] checking project lifesaver-production-new for permissions ["firebase.projects.get","firebasedatabase.instances.update","firebasehosting.sites.update","firebaserules.releases.create","firebaserules.releases.update","firebaserules.rulesets.create"]
[debug] [2026-10-05T08:23:46.719Z] Checked if tokens are valid: true, expires at: 1791191361063
[debug] [2026-10-05T08:23:46.719Z] Checked if tokens are valid: true, expires at: 1791191361063
[debug] [2026-10-05T08:23:46.723Z] >>> [apiv2][query] POST https://cloudresourcemanager.googleapis.com/v1/projects/lifesaver-production-new:testIamPermissions [none]
[debug] [2026-10-05T08:23:46.723Z] >>> [apiv2][(partial)header] POST https://cloudresourcemanager.googleapis.com/v1/projects/lifesaver-production-new:testIamPermissions  x-goog-user-project=lifesaver-production-new
[debug] [2026-10-05T08:23:46.724Z] >>> [apiv2][body] POST https://cloudresourcemanager.googleapis.com/v1/projects/lifesaver-production-new:testIamPermissions {"permissions":["firebase.projects.get","firebasedatabase.instances.update","firebasehosting.sites.update","firebaserules.releases.create","firebaserules.releases.update","firebaserules.rulesets.create"]}
[debug] [2026-10-05T08:23:47.100Z] <<< [apiv2][status] POST https://cloudresourcemanager.googleapis.com/v1/projects/lifesaver-production-new:testIamPermissions 200
[debug] [2026-10-05T08:23:47.100Z] <<< [apiv2][body] POST https://cloudresourcemanager.googleapis.com/v1/projects/lifesaver-production-new:testIamPermissions {"permissions":["firebase.projects.get","firebasedatabase.instances.update","firebasehosting.sites.update","firebaserules.releases.create","firebaserules.releases.update","firebaserules.rulesets.create"]}
[debug] [2026-10-05T08:23:47.101Z] Checked if tokens are valid: true, expires at: 1791191361063
[debug] [2026-10-05T08:23:47.102Z] Checked if tokens are valid: true, expires at: 1791191361063
[debug] [2026-10-05T08:23:47.102Z] >>> [apiv2][query] GET https://firebase.googleapis.com/v1beta1/projects/lifesaver-production-new [none]
